59.0 APEX_CODE,FINEST;APEX_PROFILING,FINEST;CALLOUT,INFO;DATA_ACCESS,NONE;DB,FINEST;SYSTEM,FINE;VALIDATION,INFO;WORKFLOW,FINER
10:14:21.0 (121000)|USER_INFO|[EXTERNAL]|0058Z00000A1B2C|jane.admin@example.com|(GMT-05:00) Central Daylight Time (America/Chicago)|GMT-05:00
10:14:21.0 (201000)|EXECUTION_STARTED
10:14:21.0 (251000)|CODE_UNIT_STARTED|[EXTERNAL]|01q4Z00000OTRG1|OpportunityTrigger on Opportunity trigger event AfterUpdate for [0068Z0000A00001QAH, 0068Z0000A00002QAH, 0068Z0000A00003QAH, 0068Z0000A00004QAH, 0068Z0000A00005QAH]
10:14:21.0 (257000)|SAVEPOINT_SET|[EXTERNAL]|TriggerSavepoint
10:14:21.0 (300000)|METHOD_ENTRY|[30]|01q8Z00000N0ABC|OpportunityTriggerHandler.processOpportunity(Id)
10:14:21.0 (318000)|VARIABLE_SCOPE_BEGIN|[31]|oppId|Id|true|false
10:14:21.0 (331000)|VARIABLE_ASSIGNMENT|[32]|oppId|"0068Z0000A00001QAH"
10:14:21.0 (347000)|SOQL_EXECUTE_BEGIN|[33]|Aggregations:0|SELECT Id, Name, Tier__c FROM Account WHERE Id = :tmpVar1
10:14:21.0 (369000)|LIMIT_USAGE|[34]|SOQL|1|100
10:14:21.0 (377000)|SOQL_EXECUTE_END|[35]|Rows:1
10:14:21.0 (391000)|SOQL_EXECUTE_BEGIN|[36]|Aggregations:0|SELECT Id, OpportunityId, Quantity, TotalPrice FROM OpportunityLineItem WHERE OpportunityId = :tmpVar2
10:14:21.0 (421000)|LIMIT_USAGE|[37]|SOQL|2|100
10:14:21.0 (430000)|SOQL_EXECUTE_END|[38]|Rows:12
10:14:21.0 (447000)|DML_BEGIN|[39]|Op:Update|Type:Opportunity|Rows:1
10:14:21.0 (465000)|LIMIT_USAGE|[40]|DML|1|150
10:14:21.0 (474000)|DML_END|[41]
10:14:21.0 (476000)|DML_BEGIN|[43]|Op:Update|Type:User|Rows:1
10:14:21.0 (481000)|LIMIT_USAGE|[44]|DML|2|150
10:14:21.0 (485000)|DML_END|[45]
10:14:21.0 (489000)|METHOD_EXIT|[30]|01q8Z00000N0ABC|OpportunityTriggerHandler.processOpportunity(Id)
10:14:21.0 (505000)|METHOD_ENTRY|[30]|01q8Z00000N0ABC|OpportunityTriggerHandler.processOpportunity(Id)
10:14:21.0 (523000)|VARIABLE_SCOPE_BEGIN|[44]|oppId|Id|true|false
10:14:21.0 (536000)|VARIABLE_ASSIGNMENT|[45]|oppId|"0068Z0000A00002QAH"
10:14:21.0 (552000)|SOQL_EXECUTE_BEGIN|[46]|Aggregations:0|SELECT Id, Name, Tier__c FROM Account WHERE Id = :tmpVar1
10:14:21.0 (574000)|LIMIT_USAGE|[47]|SOQL|3|100
10:14:21.0 (582000)|SOQL_EXECUTE_END|[48]|Rows:1
10:14:21.0 (596000)|SOQL_EXECUTE_BEGIN|[49]|Aggregations:0|SELECT Id, OpportunityId, Quantity, TotalPrice FROM OpportunityLineItem WHERE OpportunityId = :tmpVar2
10:14:21.0 (626000)|LIMIT_USAGE|[50]|SOQL|4|100
10:14:21.0 (635000)|SOQL_EXECUTE_END|[51]|Rows:12
10:14:21.0 (652000)|DML_BEGIN|[52]|Op:Update|Type:Opportunity|Rows:1
10:14:21.0 (670000)|LIMIT_USAGE|[53]|DML|2|150
10:14:21.0 (679000)|DML_END|[54]
10:14:21.0 (694000)|METHOD_EXIT|[30]|01q8Z00000N0ABC|OpportunityTriggerHandler.processOpportunity(Id)
10:14:21.0 (710000)|METHOD_ENTRY|[30]|01q8Z00000N0ABC|OpportunityTriggerHandler.processOpportunity(Id)
10:14:21.0 (728000)|VARIABLE_SCOPE_BEGIN|[57]|oppId|Id|true|false
10:14:21.0 (741000)|VARIABLE_ASSIGNMENT|[58]|oppId|"0068Z0000A00003QAH"
10:14:21.0 (757000)|SOQL_EXECUTE_BEGIN|[59]|Aggregations:0|SELECT Id, Name, Tier__c FROM Account WHERE Id = :tmpVar1
10:14:21.0 (779000)|LIMIT_USAGE|[60]|SOQL|5|100
10:14:21.0 (787000)|SOQL_EXECUTE_END|[61]|Rows:1
10:14:21.0 (801000)|SOQL_EXECUTE_BEGIN|[62]|Aggregations:0|SELECT Id, OpportunityId, Quantity, TotalPrice FROM OpportunityLineItem WHERE OpportunityId = :tmpVar2
10:14:21.0 (831000)|LIMIT_USAGE|[63]|SOQL|6|100
10:14:21.0 (840000)|SOQL_EXECUTE_END|[64]|Rows:12
10:14:21.0 (857000)|DML_BEGIN|[65]|Op:Update|Type:Opportunity|Rows:1
10:14:21.0 (875000)|LIMIT_USAGE|[66]|DML|3|150
10:14:21.0 (884000)|DML_END|[67]
10:14:21.0 (899000)|NAMED_CREDENTIAL_REQUEST|Managed|ERP_NC|https://erp.example.com/api/opportunity|POST|
10:14:21.0 (910000)|CALLOUT_REQUEST|[68]|HttpRequest[Endpoint=https://erp.example.com/api/opportunity, Method=POST]
10:14:21.0 (945000)|CALLOUT_RESPONSE|[69]|HttpResponse[Status=200, StatusCode=200]
10:14:21.0 (949000)|NAMED_CREDENTIAL_RESPONSE|Managed|HttpResponse[Status=OK, StatusCode=200]
10:14:21.0 (958000)|USER_DEBUG|[70]|INFO|ERP sync completed for Opportunity 0068Z0000A00003QAH
10:14:21.0 (967000)|LIMIT_USAGE|[71]|CALLOUT|1|100
10:14:21.0 (976000)|METHOD_EXIT|[30]|01q8Z00000N0ABC|OpportunityTriggerHandler.processOpportunity(Id)
10:14:21.0 (992000)|METHOD_ENTRY|[30]|01q8Z00000N0ABC|OpportunityTriggerHandler.processOpportunity(Id)
10:14:21.0 (1010000)|VARIABLE_SCOPE_BEGIN|[74]|oppId|Id|true|false
10:14:21.0 (1023000)|VARIABLE_ASSIGNMENT|[75]|oppId|"0068Z0000A00004QAH"
10:14:21.0 (1039000)|VARIABLE_SCOPE_BEGIN|[76]|opportunityIds|List<Id>|true|false
10:14:21.0 (1051000)|VARIABLE_ASSIGNMENT|[77]|opportunityIds|["0068Z0000A00004QAH","0018Z0000B00004QAH","0058Z0000C00004QAH"]|0x7abc0004
10:14:21.0 (1067000)|SOQL_EXECUTE_BEGIN|[78]|Aggregations:0|SELECT Id, Name, Tier__c FROM Account WHERE Id = :tmpVar1
10:14:21.0 (1089000)|LIMIT_USAGE|[79]|SOQL|7|100
10:14:21.0 (1097000)|SOQL_EXECUTE_END|[80]|Rows:1
10:14:21.0 (1111000)|SOQL_EXECUTE_BEGIN|[81]|Aggregations:0|SELECT Id, OpportunityId, Quantity, TotalPrice FROM OpportunityLineItem WHERE OpportunityId = :tmpVar2
10:14:21.0 (1141000)|LIMIT_USAGE|[82]|SOQL|8|100
10:14:21.0 (1150000)|SOQL_EXECUTE_END|[83]|Rows:12
10:14:21.0 (1167000)|DML_BEGIN|[84]|Op:Update|Type:Opportunity|Rows:1
10:14:21.0 (1185000)|LIMIT_USAGE|[85]|DML|4|150
10:14:21.0 (1194000)|DML_END|[86]
10:14:21.0 (1209000)|METHOD_EXIT|[30]|01q8Z00000N0ABC|OpportunityTriggerHandler.processOpportunity(Id)
10:14:21.0 (1225000)|METHOD_ENTRY|[30]|01q8Z00000N0ABC|OpportunityTriggerHandler.processOpportunity(Id)
10:14:21.0 (1243000)|VARIABLE_SCOPE_BEGIN|[89]|oppId|Id|true|false
10:14:21.0 (1256000)|VARIABLE_ASSIGNMENT|[90]|oppId|"0068Z0000A00005QAH"
10:14:21.0 (1272000)|SOQL_EXECUTE_BEGIN|[91]|Aggregations:0|SELECT Id, Name, Tier__c FROM Account WHERE Id = :tmpVar1
10:14:21.0 (1294000)|LIMIT_USAGE|[92]|SOQL|9|100
10:14:21.0 (1302000)|SOQL_EXECUTE_END|[93]|Rows:1
10:14:21.0 (1316000)|SOQL_EXECUTE_BEGIN|[94]|Aggregations:0|SELECT Id, OpportunityId, Quantity, TotalPrice FROM OpportunityLineItem WHERE OpportunityId = :tmpVar2
10:14:21.0 (1346000)|LIMIT_USAGE|[95]|SOQL|10|100
10:14:21.0 (1355000)|SOQL_EXECUTE_END|[96]|Rows:12
10:14:21.0 (1372000)|SOQL_EXECUTE_BEGIN|[97]|Aggregations:0|SELECT Id FROM Product2 WHERE Family = 'Support' AND IsActive = true
10:14:21.0 (1384000)|LIMIT_USAGE|[98]|SOQL|11|100
10:14:21.0 (1391000)|SOQL_EXECUTE_END|[99]|Rows:0
10:14:21.0 (1404000)|USER_DEBUG|[100]|WARN|No active Support products found for upsell recommendation
10:14:21.0 (1413000)|DML_BEGIN|[101]|Op:Update|Type:Opportunity|Rows:1
10:14:21.0 (1431000)|LIMIT_USAGE|[102]|DML|5|150
10:14:21.0 (1440000)|DML_END|[103]
10:14:21.0 (1455000)|METHOD_EXIT|[30]|01q8Z00000N0ABC|OpportunityTriggerHandler.processOpportunity(Id)
10:14:21.0 (1471000)|METHOD_ENTRY|[30]|01q8Z00000N0ABC|OpportunityTriggerHandler.processOpportunity(Id)
10:14:21.0 (1489000)|VARIABLE_SCOPE_BEGIN|[106]|oppId|Id|true|false
10:14:21.0 (1502000)|VARIABLE_ASSIGNMENT|[107]|oppId|"0068Z0000A00006QAH"
10:14:21.0 (1518000)|SOQL_EXECUTE_BEGIN|[108]|Aggregations:0|SELECT Id, Name, Tier__c FROM Account WHERE Id = :tmpVar1
10:14:21.0 (1540000)|LIMIT_USAGE|[109]|SOQL|12|100
10:14:21.0 (1548000)|SOQL_EXECUTE_END|[110]|Rows:1
10:14:21.0 (1562000)|SOQL_EXECUTE_BEGIN|[111]|Aggregations:0|SELECT Id, OpportunityId, Quantity, TotalPrice FROM OpportunityLineItem WHERE OpportunityId = :tmpVar2
10:14:21.0 (1592000)|LIMIT_USAGE|[112]|SOQL|13|100
10:14:21.0 (1601000)|SOQL_EXECUTE_END|[113]|Rows:12
10:14:21.0 (1618000)|DML_BEGIN|[114]|Op:Update|Type:Opportunity|Rows:1
10:14:21.0 (1636000)|LIMIT_USAGE|[115]|DML|6|150
10:14:21.0 (1645000)|DML_END|[116]
10:14:21.0 (1660000)|NAMED_CREDENTIAL_REQUEST|Managed|ERP_NC|https://erp.example.com/api/opportunity|POST|
10:14:21.0 (1671000)|CALLOUT_REQUEST|[117]|HttpRequest[Endpoint=https://erp.example.com/api/opportunity, Method=POST]
10:14:21.0 (1706000)|CALLOUT_RESPONSE|[118]|HttpResponse[Status=200, StatusCode=200]
