55.0 APEX_CODE,FINEST;APEX_PROFILING,FINEST;CALLOUT,INFO;DATA_ACCESS,NONE;DB,FINEST;NBA,FINE;SYSTEM,FINE;VALIDATION,INFO;VISUALFORCE,FINER;WAVE,FINEST;WORKFLOW,FINER
19:00:00.000 (100000)|EXECUTION_STARTED
19:00:00.000 (110000)|CODE_UNIT_STARTED|[EXTERNAL]|01p000000000301|CalloutHarness
19:00:00.000 (120000)|METHOD_ENTRY|[10]|CalloutHarness.invoke()
19:00:00.000 (130000)|CALLOUT_REQUEST|[55]|HttpRequest[Endpoint=https://api.example.com/v1/accounts, Method=POST]
19:00:00.000 (280000)|CALLOUT_RESPONSE|[55]|HttpResponse[Status=200, StatusCode=200]
19:00:00.000 (290000)|METHOD_EXIT|[10]|CalloutHarness.invoke
19:00:00.000 (300000)|CODE_UNIT_FINISHED|[EXTERNAL]|CalloutHarness
19:00:00.500 (500000000)|LIMIT_USAGE_FOR_NS|(default)|
  Number of SOQL queries: 0 out of 100
  Number of query rows: 0 out of 50000
  Number of DML statements: 0 out of 150
  Number of DML rows: 0 out of 10000
  Maximum CPU time: 150 out of 10000
  Maximum heap size: 1048576 out of 6291456
  Number of callouts: 1 out of 100
  Number of Email Invocations: 0 out of 10
  Number of future calls: 0 out of 50
  Number of queueable jobs added to the queue: 0 out of 50
19:00:01.000 (1000000000)|EXECUTION_FINISHED
